
== arm A (sessions 4) overall {"turns":394,"words":21,"over25":0.223,"english":0.769,"ttfa":1567,"retriedTurns":66,"costPerMin":0.3272,"cachedShare":0.101}
  min 1: {"n":24,"inTok":1302,"inAudio":174,"inText":1136,"cached":576,"cachedShare":0.434,"ttfa":1160,"ttfaP90":2191,"words":26,"over25":0.583,"english":0.667,"mixed":0.25,"costPerMin":0.0748,"tpm":5061}
  min 10: {"n":24,"inTok":4264,"inAudio":1559,"inText":2771,"cached":576,"cachedShare":0.133,"ttfa":1309,"ttfaP90":3001,"words":20,"over25":0.333,"english":0.875,"mixed":0.083,"costPerMin":0.2239,"tpm":13960}
  min 20: {"n":24,"inTok":7598,"inAudio":3050,"inText":4565,"cached":576,"cachedShare":0.076,"ttfa":1795,"ttfaP90":3390,"words":21,"over25":0.125,"english":0.917,"mixed":0.042,"costPerMin":0.3815,"tpm":23607}
  min 30: {"n":13,"inTok":10668,"inAudio":4325,"inText":6306,"cached":576,"cachedShare":0.054,"ttfa":1710,"ttfaP90":1968,"words":21,"over25":0.154,"english":0.769,"mixed":0,"costPerMin":0.5326,"tpm":33352}
  run 1: turns 101 $/min 0.337 noAudio 0 errors 1 mem undefined id ai teacher|ai=true|hum=false; ai teacher|ai=true|hum=false; ai teacher|ai=true|hum=false; |ai=false|hum=false barge false,false
  run 2: turns 101 $/min 0.339 noAudio 0 errors 1 mem false id ai|ai=true|hum=false; ai|ai=true|hum=false; ai|ai=true|hum=false; ai|ai=true|hum=false barge false,false
  run 3: turns 91 $/min 0.278 noAudio 0 errors 1 mem true id ai|ai=true|hum=false; ai|ai=true|hum=false; ai|ai=true|hum=false; ai|ai=true|hum=false barge false,true
  run 4: turns 101 $/min 0.355 noAudio 0 errors 1 mem true id ai teacher|ai=true|hum=false; ai teacher|ai=true|hum=false; ai teacher|ai=true|hum=false; ai teacher|ai=true|hum=false barge true,true

== arm B (sessions 3) overall {"turns":289,"words":21,"over25":0.256,"english":0.664,"ttfa":1908,"retriedTurns":34,"costPerMin":0.1229,"cachedShare":0.271}
  min 1: {"n":16,"inTok":1293,"inAudio":167,"inText":1125,"cached":576,"cachedShare":0.444,"ttfa":1566,"ttfaP90":4152,"words":24,"over25":0.438,"english":0.625,"mixed":0.313,"costPerMin":0.0703,"tpm":4602}
  min 10: {"n":19,"inTok":2537,"inAudio":659,"inText":1899,"cached":704,"cachedShare":0.275,"ttfa":1891,"ttfaP90":3145,"words":21,"over25":0.211,"english":0.842,"mixed":0.053,"costPerMin":0.1306,"tpm":9074}
  min 20: {"n":20,"inTok":2626,"inAudio":526,"inText":2041,"cached":704,"cachedShare":0.262,"ttfa":1730,"ttfaP90":3854,"words":22,"over25":0.1,"english":0.65,"mixed":0.2,"costPerMin":0.1251,"tpm":9843}
  min 30: {"n":10,"inTok":2744,"inAudio":553,"inText":2191,"cached":704,"cachedShare":0.249,"ttfa":2094,"ttfaP90":3538,"words":21,"over25":0.3,"english":0.4,"mixed":0.3,"costPerMin":0.1223,"tpm":9545}
  run 1: turns 96 $/min 0.124 noAudio 0 errors 0 mem true id ai|ai=true|hum=false; ai teacher|ai=true|hum=false; ai|ai=true|hum=false; ai teacher|ai=true|hum=false barge false,true,true
  run 2: turns 102 $/min 0.126 noAudio 0 errors 1 mem true id computer-based teacher|ai=true|hum=false; digital teacher|ai=true|hum=false; ai teacher|ai=true|hum=false; ai teacher|ai=true|hum=false barge false,false
  run 3: turns 91 $/min 0.119 noAudio 0 errors 2 mem true id ai teacher|ai=true|hum=false; ai teacher|ai=true|hum=false; ai|ai=true|hum=false; ai teacher|ai=true|hum=false barge false

== arm C (sessions 3) overall {"turns":305,"words":22,"over25":0.239,"english":0.751,"ttfa":1546,"retriedTurns":31,"costPerMin":0.1492,"cachedShare":0.134}
  min 1: {"n":17,"inTok":1301,"inAudio":164,"inText":1128,"cached":576,"cachedShare":0.443,"ttfa":1861,"ttfaP90":3845,"words":22,"over25":0.294,"english":0.588,"mixed":0.353,"costPerMin":0.0693,"tpm":4760}
  min 10: {"n":19,"inTok":3339,"inAudio":468,"inText":2868,"cached":576,"cachedShare":0.173,"ttfa":1606,"ttfaP90":2539,"words":22,"over25":0.211,"english":0.737,"mixed":0.053,"costPerMin":0.1241,"tpm":11650}
  min 20: {"n":20,"inTok":5338,"inAudio":513,"inText":4870,"cached":576,"cachedShare":0.107,"ttfa":1357,"ttfaP90":2976,"words":22,"over25":0.3,"english":0.95,"mixed":0.05,"costPerMin":0.1579,"tpm":18924}
  min 30: {"n":10,"inTok":7386,"inAudio":664,"inText":6852,"cached":576,"cachedShare":0.076,"ttfa":1874,"ttfaP90":3675,"words":24,"over25":0.4,"english":0.7,"mixed":0,"costPerMin":0.1701,"tpm":21889}
  run 1: turns 103 $/min 0.153 noAudio 0 errors 0 mem false id ai teacher|ai=true|hum=false; ai teacher|ai=true|hum=false; ai teacher|ai=true|hum=false; ai teacher|ai=true|hum=false barge false,false,false
  run 2: turns 108 $/min 0.158 noAudio 0 errors 0 mem true id ai teacher|ai=true|hum=false; ai teacher|ai=true|hum=false; ai teacher|ai=true|hum=false; ai teacher|ai=true|hum=false barge true,false,false
  run 3: turns 94 $/min 0.136 noAudio 0 errors 0 mem false id ai teacher|ai=true|hum=false; ai teacher|ai=true|hum=false; ai teacher|ai=true|hum=false; ai teacher|ai=true|hum=false barge false,false,false

== arm D (sessions 4) overall {"turns":399,"words":22,"over25":0.231,"english":0.201,"ttfa":1826,"retriedTurns":62,"costPerMin":0.0765,"cachedShare":0.831}
  min 1: {"n":24,"inTok":1303,"inAudio":164,"inText":1133,"cached":768,"cachedShare":0.586,"ttfa":1757,"ttfaP90":3301,"words":24,"over25":0.417,"english":0.333,"mixed":0.333,"costPerMin":0.0662,"tpm":5183}
  min 10: {"n":24,"inTok":3505,"inAudio":570,"inText":2928,"cached":2880,"cachedShare":0.812,"ttfa":1751,"ttfaP90":3597,"words":23,"over25":0.292,"english":0.25,"mixed":0.333,"costPerMin":0.0749,"tpm":11510}
  min 20: {"n":24,"inTok":5441,"inAudio":511,"inText":4947,"cached":4800,"cachedShare":0.878,"ttfa":2286,"ttfaP90":2546,"words":23,"over25":0.208,"english":0.167,"mixed":0.333,"costPerMin":0.072,"tpm":17391}
  min 30: {"n":13,"inTok":7161,"inAudio":489,"inText":6672,"cached":6592,"cachedShare":0.919,"ttfa":1990,"ttfaP90":2631,"words":25,"over25":0.462,"english":0.077,"mixed":0.154,"costPerMin":0.0759,"tpm":20811}
  run 1: turns 99 $/min 0.079 noAudio 0 errors 0 mem false id ai teacher|ai=true|hum=false; ai teacher|ai=true|hum=false; |ai=false|hum=false; ai teacher|ai=true|hum=false barge true,false,true
  run 2: turns 103 $/min 0.078 noAudio 0 errors 0 mem false id ai|ai=true|hum=false; ai teacher|ai=true|hum=false; ai|ai=true|hum=false; ai teacher|ai=true|hum=false barge false,false,false
  run 3: turns 97 $/min 0.073 noAudio 0 errors 0 mem false id ai|ai=true|hum=false; ai teacher|ai=true|hum=false; ai|ai=true|hum=false; ai|ai=true|hum=false barge false,false,false
  run 4: turns 100 $/min 0.076 noAudio 0 errors 0 mem false id ai teacher|ai=true|hum=false; ai teacher|ai=true|hum=false; ai teacher|ai=true|hum=false; ai teacher|ai=true|hum=false barge false,true,true

== arm F (sessions 3) overall {"turns":286,"words":22,"over25":0.234,"english":0.189,"ttfa":2613,"retriedTurns":88,"costPerMin":0.0703,"cachedShare":0.686}
  min 1: {"n":17,"inTok":1300,"inAudio":170,"inText":1130,"cached":768,"cachedShare":0.591,"ttfa":2331,"ttfaP90":3432,"words":25,"over25":0.353,"english":0.412,"mixed":0.235,"costPerMin":0.0622,"tpm":4811}
  min 10: {"n":18,"inTok":2388,"inAudio":606,"inText":1787,"cached":1728,"cachedShare":0.731,"ttfa":2569,"ttfaP90":6781,"words":23,"over25":0.278,"english":0.111,"mixed":0.278,"costPerMin":0.0743,"tpm":8312}
  min 20: {"n":18,"inTok":2404,"inAudio":539,"inText":1841,"cached":1728,"cachedShare":0.73,"ttfa":2736,"ttfaP90":4567,"words":24,"over25":0.278,"english":0.167,"mixed":0.278,"costPerMin":0.0731,"tpm":8250}
  min 30: {"n":10,"inTok":2408,"inAudio":523,"inText":1863,"cached":1792,"cachedShare":0.745,"ttfa":2893,"ttfaP90":7236,"words":24,"over25":0.3,"english":0.1,"mixed":0.2,"costPerMin":0.0687,"tpm":7908}
  run 1: turns 95 $/min 0.071 noAudio 0 errors 0 mem false id ai teacher|ai=true|hum=false; ai teacher|ai=true|hum=true; ai|ai=true|hum=false; ai teacher|ai=true|hum=false barge false,true,false
  run 2: turns 96 $/min 0.069 noAudio 0 errors 0 mem false id ai teacher|ai=true|hum=false; teacher assistant|ai=true|hum=false; ai|ai=true|hum=false; ai teacher|ai=true|hum=false barge false,false,false
  run 3: turns 95 $/min 0.071 noAudio 0 errors 0 mem false id ai|ai=true|hum=false; ai teacher|ai=true|hum=false; ai|ai=true|hum=false; ai teacher|ai=true|hum=false barge false,true,false
